****************************
Check Triangle Area Function
dim = 0 Triangle Area = 0.000
dim = 1 Triangle Area = 0.000
dim = 2 Triangle Area = 0.000
dim = 3 Triangle Area = 27.402
dim = 4 Triangle Area = 0.000
dim = 5 Triangle Area = 0.000
dim = 6 Triangle Area = 0.000
