----------------- Testing The Most Beautiful Equation in Mathematics e^{i \pi} + 1 = 0 -----------------
e^{i \pi} = dest = -1.0000000 + 0.0000000 i

----------------- Another Beautiful Equation i^i = e^{-\pi/2} -----------------
e^{-\pi/2} = 0.20788 = dest = 0.2078796 + 0.0000000 i
