*******************    Test 19   ************************
Test function NonSquareMatrix_MultiplicationByNonSquareMatrix 

nonSquareMatrixA - 
      0	      1	      2	      3	
      4	      5	      6	      7	
      8	      9	     10	     11	
nonSquareMatrixB - 
      0	      1	
      2	      3	
      4	      5	
      6	      7	
nonSquareMatrixResult - 
     28	     34	
     76	     98	
    124	    162	
