----------------- Testing Division -----------------
y = 0.9000000 + 1.2000000 i
dest = 1.4666667 + 0.2666667 i
