****************************
Check Cross Product Function
vector - {0.100000, -22.920000, 9.020000}
