*******************    Test 16   ************************
Test function SymmetricTensor_DoubleContraction 

Hand verified
2-D
symmTensor - 
      1           2     
      2           4     
symmTensor2 - 
     10          20     
     20          40     
Double Contraction = 
result = 250
3-D
symmTensor - 
      1           2           3     
      2           4           5     
      3           5           6     
symmTensor2 - 
     10          20          30     
     20          40          50     
     30          50          60     
Double Contraction = 
result = 1290
