----------------- Testing Exponential -----------------
e^{2 + 3i} = dest = -7.3151101 + 1.0427437 i
dest = -7.3151101 + 1.0427437 i
e^{-5 + 7i} = dest = 0.0050798 + 0.0044267 i
dest = 0.0050798 + 0.0044267 i
e^{i \pi} = dest = -1.0000000 + 0.0000000 i
