*******************    Test 1   ************************
Test TensorArray Identity

2-D
tensorArray - 
      1           0     
      0           1     
3-D
tensorArray - 
      1           0           0     
      0           1           0     
      0           0           1     
