----------------- Testing Complex to real Power Stuff -----------------
dest = -3.0000000 + 4.0000000 i
dest = -3.0000000 + 4.0000000 i
dest = -11.0000000 - 2.0000000 i
dest = -11.0000000 - 2.0000000 i
dest = 0.9628349 + 1.5578995 i
dest = -1.5000000 + 3.0000000 i

----------------- Testing Complex to complex Power Stuff -----------------
dest = 0.0078744 + 0.0073865 i
