****************************
Check StGermain_VectorCrossProductMagnitude
A - {1.000000, 2.000000, 3.000000}
B - {4.000000, 5.000000, 6.000000}
mag =  3 (2D)
mag = 7.35 (3D)
