----------------- Testing Conjugate -----------------
x = 1.0000000 - 2.0000000 i
x = 1.0000000 + 2.0000000 i
