****************************
Check StGermain_AverageCoord 
D - {11.666667, 5.300000, 7.033333}
