Basic tests:
d = 
d[0] = 1.0000000 + 1.0000000 i
d[1] = 1.0000000 + 0.0000000 i
d[2] = 0.0000000 + 1.0000000 i
Set Complex Scalar
d = 
d[0] = 1.0000000 + 0.0000000 i
d[1] = 2.0000000 + 1.0000000 i
d[2] = 1.5000000 + 1.0000000 i
Set c = d
c = 
c[0] = 1.0000000 + 0.0000000 i
c[1] = 2.0000000 + 1.0000000 i
c[2] = 1.5000000 + 1.0000000 i
b = c + d 
b = 
b[0] = 2.0000000 + 0.0000000 i
b[1] = 4.0000000 + 2.0000000 i
b[2] = 3.0000000 + 2.0000000 i
a = b - d 
a = 
a[0] = 1.0000000 + 0.0000000 i
a[1] = 2.0000000 + 1.0000000 i
a[2] = 1.5000000 + 1.0000000 i
d = a x e 
e = 
e[0] = 1.0000000 + 0.0000000 i
e[1] = 2.0000000 + 2.0000000 i
e[2] = -3.0000000 - 1.0000000 i
d = 
d[0] = -6.0000000 - 10.0000000 i
d[1] = 4.5000000 + 2.0000000 i
d[2] = 0.0000000 + 1.0000000 i
value = a . e 
value = -0.5000000 + 1.5000000 i
b = 
b[0] = 2.0000000 + 0.0000000 i
b[1] = 4.0000000 + 2.0000000 i
b[2] = 3.0000000 + 2.0000000 i
b = (2 + i) * b 
b = 
b[0] = 4.0000000 + 2.0000000 i
b[1] = 6.0000000 + 8.0000000 i
b[2] = 4.0000000 + 7.0000000 i
b = 3 * b 
b = 
b[0] = 12.0000000 + 6.0000000 i
b[1] = 18.0000000 + 24.0000000 i
b[2] = 12.0000000 + 21.0000000 i
b = 
b[0] = 0.0000000 + 1.0000000 i
b[1] = 1.0000000 + 1.0000000 i
b[2] = 0.0000000 + 1.0000000 i
|b| = 2
d = proj a onto b 
d = 
d[0] = -2.7500000 + 0.0000000 i
d[1] = -2.7500000 + 2.7500000 i
d[2] = -2.7500000 + 0.0000000 i
e = a / value 
value = 2.0000000 + 1.0000000 i
e = 
e[0] = 0.4000000 - 0.2000000 i
e[1] = 1.0000000 + 0.0000000 i
e[2] = 0.8000000 + 0.1000000 i
b = 
b[0] = 0.0000000 + 1.0000000 i
b[1] = 1.0000000 + 1.0000000 i
b[2] = 0.0000000 + 1.0000000 i
Norm(b) = 
b[0] = 0.0000000 + 0.5000000 i
b[1] = 0.5000000 + 0.5000000 i
b[2] = 0.0000000 + 0.5000000 i
|b| = 1
a  = 
a[0] = 1.0000000 + 0.0000000 i
a[1] = 2.0000000 + 1.0000000 i
a[2] = 1.5000000 + 1.0000000 i
swizzle(a)(k, i, j) = 
a[0] = 1.5000000 + 1.0000000 i
a[1] = 1.0000000 + 0.0000000 i
a[2] = 2.0000000 + 1.0000000 i
