*******************    Test 4   ************************
Test function TensorArray_Add 

2-D
tensorArray - 
    0.7           1     
      2           3     
tensorArray2 - 
      5           6     
      7           8     
tensorResult - 
    5.7           7     
      9          11     
3-D
tensorArray - 
    0.5          10          20     
     30          40          50     
     60          70          80     
tensorArray2 - 
      5           1           2     
      3           4           5     
      6           7           8     
tensorResult - 
    5.5          11          22     
     33          44          55     
     66          77          88     
