----------------- Testing Real Number Math stuff -----------------
dest = 0.5000000 + 3.0000000 i
dest = 5.5000000 - 3.0000000 i
dest = -0.1500000 + 0.3000000 i
dest = -0.1333333 - 0.2666667 i
Answer within tolerance 1e-15 of 1.00000 + i 0.00000
