*******************    Test 17   ************************
Test function Journal_PrintNonSquareMatrix 

nonSquareMatrixA - 
      0	      1	      2	      3	
      4	      5	      6	      7	
      8	      9	     10	     11	
nonSquareMatrixB - 
      0	      1	
      2	      3	
      4	      5	
      6	      7	
