----------------- Testing Copy and Zero -----------------
x = 1.0000000 + 2.0000000 i
dest = 0.0000000 + 0.0000000 i
dest = 1.0000000 + 2.0000000 i
dest = 0.0000000 + 0.0000000 i
