****************************************
Testing StGermain_MatrixDeterminant
 1 is determinant of matrix : tensor - 
      1     
-3 is determinant of matrix : tensor - 
      1           2     
      4           5     
-6 is determinant of matrix : tensor - 
      1           2           3     
      4           5           6     
      7           8          11     
-6 is determinant of matrix : tensor - 
      1           2           3     
      4           5           6     
      7           8          11     
-10 is determinant of matrix :
 1 	  3
 7 	 11
