****************************
Check Normalisation Function
A - {0.965363, 0.260909}
mag = 1.000
B - {0.539703, 0.310329, 0.782570}
mag = 1.000
C - {0.488698, 0.106239, -0.297469, 0.679928, -0.446203}
mag = 1.000
