****************************
Checking normal to plane function function
vector - {-0.147798, -0.951019, -0.271511}
