----------------- Testing Complex Polar Stuff -----------------
x = 2.2361 e^{i 1.1071} = 1.0000 + 2.0000
y = 3.3541 e^{i 2.0344} = -1.5000 + 3.0000
u = 3.3541 e^{i -2.0344} = -1.5000 + -3.0000
v = 3.3541 e^{i -1.1071} = 1.5000 + -3.0000
i = 1.0000 e^{i 1.5708} = 0.0000 + 1.0000
-i = 1.0000 e^{i -1.5708} = 0.0000 + -1.0000
