*******************    Test 2   ************************
Test SymmetricTensor Identity

2-D
symmTensor - 
      1           0     
      0           1     
3-D
symmTensor - 
      1           0           0     
      0           1           0     
      0           0           1     
