****************************
Check StGermain_ParallelepipedVolume 
volume = 2.43
