****************************
Checking centroid function
vector - {<NON_POSITIVE DIMENSION 0>}
vector - {11.466667}
vector - {11.466667, 3.100000}
vector - {11.466667, 3.100000, -1.066667}
vector - {11.466667, 3.100000, -1.066667, 13.000000}
vector - {11.466667, 3.100000, -1.066667, 13.000000, -10.000000}
vector - {11.466667, 3.100000, -1.066667, 13.000000, -10.000000, 13108.333333}
