****************************
Check StGermain_ConvexQuadrilateralArea
area = 4.8 (2D)
area = 5.54 (3D)
