----------------- Testing Subtraction -----------------
x = 2.5000000 - 1.0000000 i
dest = 4.0000000 - 4.0000000 i
