****************************
Checking distance between points Function
dim = 0 distance = 0.000
dim = 1 distance = 3.400
dim = 2 distance = 3.413
dim = 3 distance = 3.506
dim = 4 distance = 6.107
dim = 5 distance = 16.195
dim = 6 distance = 39331.003
