Basic tests:
d = { 1, 1, 1 }
d = { 2, 0.5, 1.5 }
c = d = { 2, 0.5, 1.5 }
b = c + d = {4, 1, 3}
a = d - b = {-2, -0.5, -1.5}
d = a x e = {4.5, -7.5, -3.5}
a . c = -6.5
b = 2b = { 8, 2, 6 }
b^ = { 0.784465, 0.196116, 0.588348 }
