*******************    Test 5   ************************
Test function TensorArray_Subtract 

2-D
tensorArray - 
    0.7           1     
      2           3     
tensorArray2 - 
      5           6     
      7           8     
tensorResult - 
   -4.3          -5     
     -5          -5     
3-D
tensorArray - 
    0.5          10          20     
     30          40          50     
     60          70          80     
tensorArray2 - 
     50           1           2     
      3           4           5     
      6           7           8     
tensorResult - 
  -49.5           9          18     
     27          36          45     
     54          63          72     
