****************************************
Check StGermain_nSymmetricTensorVectorComponents function
Number of unique components of symmetric tensor of dimension 2 is 3
Number of unique components of symmetric tensor of dimension 3 is 6
