****************************************
Testing GetAntisymmetricPart
dim = 2
tensor2 - 
      0         7.5     
   -7.5           0     
dim = 3
tensor2 - 
      0         7.5        -1.5     
   -7.5           0          15     
    1.5         -15           0     
