****************************
Check Dot Product Function
dim = 0 dot product = 0.000
dim = 1 dot product = 29.600
dim = 2 dot product = 34.200
dim = 3 dot product = 63.200
dim = 4 dot product = 69.200
dim = 5 dot product = 33.200
dim = 6 dot product = -1650104.800
