****************************
Check StGermain_ScalarTripleProduct 
scalar triple product = -6
scalar triple product = -6
scalar triple product = -6
scalar triple product = -6
